../Core/Src/main.c:95:6:SevenSegment_Update	16	static
../Core/Src/main.c:105:6:ProgramEnd	8	static
../Core/Src/main.c:126:6:ProgramStart	8	static
../Core/Src/main.c:136:6:First_program	32	static
../Core/Src/main.c:155:6:Second_program	8	static
../Core/Src/main.c:184:6:Third_program	8	static
../Core/Src/main.c:204:6:HAL_TIM_PeriodElapsedCallback	16	static
../Core/Src/main.c:215:5:main	8	static
../Core/Src/main.c:322:6:SystemClock_Config	88	static
../Core/Src/main.c:364:13:MX_ADC1_Init	24	static
../Core/Src/main.c:416:13:MX_TIM2_Init	64	static
../Core/Src/main.c:483:13:MX_TIM3_Init	32	static
../Core/Src/main.c:528:13:MX_USART2_UART_Init	8	static
../Core/Src/main.c:561:13:MX_GPIO_Init	40	static
../Core/Src/main.c:634:6:HAL_GPIO_EXTI_Callback	16	static
../Core/Src/main.c:647:6:Error_Handler	4	static,ignoring_inline_asm
