../Core/Src/main.c:87:6:SevenSegment_Update	16	static
../Core/Src/main.c:97:6:ProgramEnd	8	static
../Core/Src/main.c:112:6:First_program	8	static
../Core/Src/main.c:122:6:Second_program	8	static
../Core/Src/main.c:151:6:Third_program	8	static
../Core/Src/main.c:172:6:HAL_TIM_PeriodElapsedCallback	16	static
../Core/Src/main.c:186:5:main	8	static
../Core/Src/main.c:291:6:SystemClock_Config	88	static
../Core/Src/main.c:333:13:MX_TIM2_Init	64	static
../Core/Src/main.c:396:13:MX_TIM3_Init	32	static
../Core/Src/main.c:441:13:MX_GPIO_Init	40	static
../Core/Src/main.c:509:6:HAL_GPIO_EXTI_Callback	16	static
../Core/Src/main.c:522:6:Error_Handler	4	static,ignoring_inline_asm
