../Core/Src/main.c:79:6:SevenSegment_Update	16	static
../Core/Src/main.c:90:6:First_program	8	static
../Core/Src/main.c:192:6:Second_program	8	static
../Core/Src/main.c:225:6:Third_program	8	static
../Core/Src/main.c:237:6:HAL_TIM_PeriodElapsedCallback	16	static
../Core/Src/main.c:242:6:HAL_GPIO_EXTI_Callback	16	static
../Core/Src/main.c:256:5:main	8	static
../Core/Src/main.c:333:6:SystemClock_Config	88	static
../Core/Src/main.c:374:13:MX_TIM1_Init	40	static
../Core/Src/main.c:428:13:MX_USART2_UART_Init	8	static
../Core/Src/main.c:476:13:MX_GPIO_Init	56	static
../Core/Src/main.c:574:6:Error_Handler	8	static,ignoring_inline_asm
